EvoDesign generation run

Generation: 008
Previous Generation: 007
Date: 2026-10-02
Timestamp: 2026-10-02T07:55:19-07:00
Timezone: America/Los_Angeles
Prompt Version: v1.0
Decision: CHANGE
Status: completed

Observed:
- Read AGENTS.md, prompts/evolve.md, prompts/current.md, the latest generation record, the latest reflection, index.html, styles.css, script.js and README.md.
- No user feedback, analytics, A/B tests, design scores, performance metrics or external validation data were present in the repository.
- The verified history pattern works, but the visible latest-generation surfaces still stopped at Generation 007.

Reason for change:
- A latest-generation label must advance with the newest verified artifact. The smallest useful change was to update current/latest status copy and prepend Generation 008 to the verified history.

Files changed:
- index.html
- reflections/2026-10-02-gen-008.md
- generations/gen-008.json
- logs/2026-10-02-gen-008.log

Prompt version after run: v1.0
