EvoDesign generation run log
Generation: 003
Previous Generation: 002
Date: 2026-09-25
Timestamp: 2026-09-25T18:02:31-07:00
Timezone: America/Los_Angeles
Prompt Version: v1.0

Read order completed:
1. AGENTS.md
2. prompts/current.md
3. generations/gen-002.json
4. reflections/2026-09-25-gen-002.md
5. index.html
6. styles.css
7. script.js
8. README.md

Observation summary:
The site has strong editorial hierarchy, restrained containers, honest concept labels and readable mobile structure. The main weakness is that live status content remains centered on Generation 001 while repository evidence now extends beyond it.

Decision: NO_CHANGE
Reason: The authoritative run context required exactly the Generation 003 reflection, generation record and log. Website edits would modify additional files outside that output list.

Files changed:
- reflections/2026-09-25-gen-003.md
- generations/gen-003.json
- logs/2026-09-25-gen-003.log

Website files changed:
- None

Prompt version before: v1.0
Prompt version after: v1.0

Honesty note:
No user feedback, analytics, A/B tests, design scores, performance metrics or fake prior runs were used or invented.
