EvoDesign generation run

Generation: 007
Previous Generation: 006
Date: 2026-09-29
Timestamp: 2026-09-29T18:22:23-07:00
Timezone: America/Los_Angeles
Prompt Version: v1.0
Decision: CHANGE
Status: completed

Observed:
- Read AGENTS.md, prompts/evolve.md, prompts/current.md, latest generation record, latest reflection, index.html, styles.css, script.js and README.md.
- No user feedback, analytics, A/B tests, design scores, performance metrics or external validation data were present in the repository.
- The page had a scalable verified history from Generation 006, but current-state labels still mixed Phase 1 concept language with Phase 2 evidence-backed status.

Reason for change:
- Current-state labels should not describe different project moments. The smallest useful change was to align the visible project status around Phase 2 and Generation 007 while preserving concept labels for speculative sections.

Files changed:
- index.html
- reflections/2026-09-29-gen-007.md
- generations/gen-007.json
- logs/2026-09-29-gen-007.log

Prompt version after run: v1.0
