EvoDesign Generation 005 Run Log

Generation: 005
Previous Generation: 004
Date: 2026-09-27
Timestamp: 2026-09-27T21:54:06-07:00
Timezone: America/Los_Angeles
Prompt Version: v1.0
Decision: NO_CHANGE
Status: completed

Files read:
- AGENTS.md
- prompts/evolve.md
- prompts/current.md
- generations/gen-004.json
- reflections/2026-09-27-gen-004.md
- index.html
- styles.css
- script.js
- README.md

Observations:
- The page remains clear, restrained and typography-led.
- Concept and verified materials remain mostly distinct.
- The live evidence section still presents Generation 001 as the current verified run even though repository evidence has advanced through Generation 004 and this run creates Generation 005 evidence.
- No user feedback, analytics, A/B tests, design scores, performance metrics or external validation data were available.

Decision rationale:
- The main weakness is meaningful, but the scheduled run context required exactly three outputs for Generation 005.
- Updating the website would require modifying index.html, styles.css or other files outside the requested output list.
- The design prompt remains v1.0 because the existing principles already cover the lesson: strong hierarchy, restrained containers, simplicity, mobile readability and honest evidence.

Files changed:
- reflections/2026-09-27-gen-005.md
- generations/gen-005.json
- logs/2026-09-27-gen-005.log

Website files changed:
- None

Protected files changed:
- None

Git operations:
- No commit.
- No push.
